yarn run v1.22.17
$ ts-node ./node_modules/.bin/jasmine './src/**/*.spec.ts'
Randomized with seed 59248
Started

[31m== Tribe Chief ==[0m
[34m ← Command:[0m /start
[32m → [0m Join tribes of likelly-minded people nearby!
[📜 List tribes] [ℹ️  Game rules]

[31m== Tribe Shaman ==[0m
[34m ← Command:[0m /start
[32m → [0m Join tribes of likelly-minded people nearby!
[📜 List tribes] [ℹ️  Game rules]

[31m== Applicant ==[0m
[34m ← Command:[0m /start
[32m → [0m Join tribes of likelly-minded people nearby!
[📜 List tribes] [ℹ️  Game rules]

[34m ← Callback:[0m list-tribes
[32m → [0m What is the city you're in?

[34m ← Message:[0m Novosibirsk
[32m → [0m Searchin in Novosibirsk: 

<b>Foo Tribe</b> 
 
We love to FOOO!!!
 Members count: 0
[🚀 Send application]

<b>Bar Tribe</b> 
 
We BAR BAR!
 Members count: 2
[🚀 Send application]

[34m ← Callback:[0m apply-tribe:1285100666386505
[32m → [0m Please, write tribe's chief and shaman about yourself and why do you want to join "Bar Tribe" tribe?

[34m ← Message:[0m I want to FOO!!
[32m → [0m 📨 Your application has been sent. Tribe chief will propose a meeting soon.

[31m== Tribe Chief ==[0m
[32m → [0m <b>A new member appliaction for tribe Bar Tribe!</b>

From user <i>Newbie</i>.
Cover leter:
I want to FOO!!
[👍 Propose a meeting] [⛔️ Decline]

[34m ← Callback:[0m propose-initiation:6784704713975689:42481644003591
[32m → [0m 📅 Select a date, when you'd like to meet
[ ] [November 2021] [>] [Su] [Mo] [Tu] [We]...

[34m ← Callback:[0m calendar-telegram-date-2021-11-23
[32m → [0m 🕘 Choose an hour of the day
[08] [09] [10] [11] [12] [13] [14]...

[34m ← Callback:[0m set-hours:12
[32m → [0m 🕤 Choose minutes
[00] [15] [30] [45]

[34m ← Callback:[0m set-minutes:30
[32m → [0m 🌍 Now where you want to meet?

[34m ← Message:[0m Lets meet at Awesome Place Inn
[32m → [0m You propose to meet: 
 • Time: Tuesday, November 23, 2021, 12:30 PM
 • Place: Lets meet at Awesome Place Inn
[✅ Okay] [🤔 Edit]

[34m ← Callback:[0m confirm-proposal
[32m → [0m You propose to meet: 
 • Time: Tuesday, November 23, 2021, 12:30 PM
 • Place: Lets meet at Awesome Place Inn

📨 Ok, proposal has been sent.

[31m== Applicant ==[0m
[32m → [0m BarBar Monster, chief of the Bar Tribe proposes to meet: 
 • Time: Tuesday, November 23, 2021, 12:30 PM
 • Place: Lets meet at Awesome Place Inn
[✅ Okay] [🤔 Suggest otherwise]

[34m ← Callback:[0m change-quest:07429684457850416:42481644003591
[32m → [0m 📅 Select a date, when you'd like to meet
[ ] [November 2021] [>] [Su] [Mo] [Tu] [We]...

[34m ← Callback:[0m calendar-telegram-date-2021-11-26
[32m → [0m 🕘 Choose an hour of the day
[08] [09] [10] [11] [12] [13] [14]...

[34m ← Callback:[0m set-hours:14
[32m → [0m 🕤 Choose minutes
[00] [15] [30] [45]

[34m ← Callback:[0m set-minutes:00
[32m → [0m 🌍 Now where you want to meet?

[34m ← Message:[0m Go Bar-Bar bar!
[32m → [0m You propose to meet: 
 • Time: Friday, November 26, 2021, 2:00 PM
 • Place: Go Bar-Bar bar!
[✅ Okay] [🤔 Edit]

[34m ← Callback:[0m confirm-proposal
[32m → [0m You propose to meet: 
 • Time: Friday, November 26, 2021, 2:00 PM
 • Place: Go Bar-Bar bar!

📨 Ok, proposal has been sent.

[31m== Tribe Chief ==[0m
[32m → [0m Newbie of Bar Tribe tribe proposes to meet for "initiation": 
 • Time: Friday, November 26, 2021, 2:00 PM
 • Place: Go Bar-Bar bar!
[✅ Okay] [🤔 Suggest otherwise]

[34m ← Callback:[0m agree-quest:6784704713975689:42481644003591
[32m → [0m 📨 Ok, I'll notify Newbie

[31m== Applicant ==[0m
[32m → [0m BarBar Monster aggred to meet at: 
 • Time: Friday, November 26, 2021, 2:00 PM
 • Place: Go Bar-Bar bar!
--- tasks updates requested, now is Fri Nov 26 2021 16:00:01 GMT+0200 (GMT+02:00) ---

[31m== Tribe Chief ==[0m
[32m → [0m You've just met with Newbie. Do you accept them in the tribe Bar Tribe?
[👍 Yes, accept!] [👎 No, decline.]

[34m ← Callback:[0m application-accept:6784704713975689:42481644003591
[32m → [0m Ok, you've approved the application

[31m== Applicant ==[0m
[32m → [0m You've just meat Bar Tribe chief, how charismatic they are?
[ℹ️] [😩] [😕] [🤔] [🤩] [🔥]

[34m ← Callback:[0m rate-member:07429684457850416:6784704713975689:42481644003591:4:
[32m → [0m How wise they are?
[ℹ️] [🤪] [🤥] [🤔] [🥸] [🦉]

[34m ← Callback:[0m rate-member:07429684457850416:6784704713975689:42481644003591:2:4
[32m → [0m Ok, your opinion will be applied as soon as you join the tribe and other 4 opinions collected
.


Ran 1 of 172 specs
1 spec, 0 failures
Finished in 1.86 seconds
Incomplete: fit() or fdescribe() was found
Randomized with seed 59248 (jasmine --random=true --seed=59248)
info Visit https://yarnpkg.com/en/docs/cli/run for documentation about this command.
